d:\an3\sem1\scs\8086simulator\8086simulator\x64\debug\vc143.pdb
d:\an3\sem1\scs\8086simulator\8086simulator\x64\debug\vc143.idb
d:\an3\sem1\scs\8086simulator\8086simulator\x64\debug\glad.obj
d:\an3\sem1\scs\8086simulator\8086simulator\x64\debug\mainmemory.obj
d:\an3\sem1\scs\8086simulator\8086simulator\x64\debug\maindatabus.obj
d:\an3\sem1\scs\8086simulator\8086simulator\x64\debug\internalbiuregisters.obj
d:\an3\sem1\scs\8086simulator\8086simulator\x64\debug\instructionqueue.obj
d:\an3\sem1\scs\8086simulator\8086simulator\x64\debug\euunit.obj
d:\an3\sem1\scs\8086simulator\8086simulator\x64\debug\eucontrol.obj
d:\an3\sem1\scs\8086simulator\8086simulator\x64\debug\biuunit.obj
d:\an3\sem1\scs\8086simulator\8086simulator\x64\debug\biudatabus.obj
d:\an3\sem1\scs\8086simulator\8086simulator\x64\debug\biucontrolunit.obj
d:\an3\sem1\scs\8086simulator\8086simulator\x64\debug\alu.obj
d:\an3\sem1\scs\8086simulator\8086simulator\x64\debug\imgui_widgets.obj
d:\an3\sem1\scs\8086simulator\8086simulator\x64\debug\imgui_tables.obj
d:\an3\sem1\scs\8086simulator\8086simulator\x64\debug\imgui_impl_opengl3.obj
d:\an3\sem1\scs\8086simulator\8086simulator\x64\debug\imgui_impl_glfw.obj
d:\an3\sem1\scs\8086simulator\8086simulator\x64\debug\imgui_draw.obj
d:\an3\sem1\scs\8086simulator\8086simulator\x64\debug\imgui_demo.obj
d:\an3\sem1\scs\8086simulator\8086simulator\x64\debug\imgui.obj
d:\an3\sem1\scs\8086simulator\8086simulator\x64\debug\8086simulator.tlog\cl.command.1.tlog
d:\an3\sem1\scs\8086simulator\8086simulator\x64\debug\8086simulator.tlog\cl.read.1.tlog
d:\an3\sem1\scs\8086simulator\8086simulator\x64\debug\8086simulator.tlog\cl.write.1.tlog
